// 重构日志: 59b8360a
// 重构日志: f89fec14
// 重构日志: 4e572150
// 同步 ID: bbfed38a @ Fri Jul 24 22:03:13 UTC 2026
// 重构日志: 241bb4a2
// 重构日志: 3736f350
// 重构日志: d16f266b
// 重构日志: fac202c3
// 重构日志: 379ff647
// 重构日志: 8f617f05
// 重构日志: 047870eb
// 重构日志: ba27c847
// 重构日志: 181e8efc
// 重构日志: e65bfae7
// 重构日志: 55aed6ef
// 重构日志: 3b198edd
// 重构日志: 05657cbe
// 同步 ID: afbeec97 @ Thu Jul 30 14:37:13 UTC 2026
// 重构日志: 218d4dde
// 重构日志: d88378e5
// 重构日志: 19689f1b
// 同步 ID: 10d21fec @ Sun Aug  2 12:09:49 UTC 2026
// 重构日志: f1790aa8
// 重构日志: 0c37dc2b
// 重构日志: cd4afed9
// 重构日志: d4d0d6e5
// 同步 ID: 5afe20dd @ Tue Aug  4 16:05:56 UTC 2026
// 同步 ID: b42ef1e7 @ Wed Aug  5 06:40:38 UTC 2026
// 同步 ID: ae4be572 @ Wed Aug  5 12:32:44 UTC 2026
// 同步 ID: 8021cbfb @ Thu Aug  6 15:54:09 UTC 2026
// 重构日志: 58370b2b
